###############################################################################
#
# IAR ELF Linker V7.70.1.11437/W32 for ARM                21/Nov/2018  17:19:09
# Copyright 2007-2016 IAR Systems AB.
#
#    Output file  =  
#        C:\Users\jiage\Desktop\智能车软件\k60最新\小车1\Prj\IAR\DZ10_Debug\Exe\vcan_Kinetis.out
#    Map file     =  
#        C:\Users\jiage\Desktop\智能车软件\k60最新\小车1\Prj\IAR\DZ10_Debug\List\vcan_Kinetis.map
#    Command line =  
#        C:\Users\jiage\Desktop\智能车软件\k60最新\小车1\Prj\IAR\DZ10_Debug\Obj\control.o
#        C:\Users\jiage\Desktop\智能车软件\k60最新\小车1\Prj\IAR\DZ10_Debug\Obj\Handle.o
#        C:\Users\jiage\Desktop\智能车软件\k60最新\小车1\Prj\IAR\DZ10_Debug\Obj\main.o
#        C:\Users\jiage\Desktop\智能车软件\k60最新\小车1\Prj\IAR\DZ10_Debug\Obj\misc.o
#        C:\Users\jiage\Desktop\智能车软件\k60最新\小车1\Prj\IAR\DZ10_Debug\Obj\MK60_conf.o
#        C:\Users\jiage\Desktop\智能车软件\k60最新\小车1\Prj\IAR\DZ10_Debug\Obj\MK60_dma.o
#        C:\Users\jiage\Desktop\智能车软件\k60最新\小车1\Prj\IAR\DZ10_Debug\Obj\MK60_DWT.o
#        C:\Users\jiage\Desktop\智能车软件\k60最新\小车1\Prj\IAR\DZ10_Debug\Obj\MK60_flash.o
#        C:\Users\jiage\Desktop\智能车软件\k60最新\小车1\Prj\IAR\DZ10_Debug\Obj\MK60_ftm.o
#        C:\Users\jiage\Desktop\智能车软件\k60最新\小车1\Prj\IAR\DZ10_Debug\Obj\MK60_gpio.o
#        C:\Users\jiage\Desktop\智能车软件\k60最新\小车1\Prj\IAR\DZ10_Debug\Obj\MK60_it.o
#        C:\Users\jiage\Desktop\智能车软件\k60最新\小车1\Prj\IAR\DZ10_Debug\Obj\MK60_lptmr.o
#        C:\Users\jiage\Desktop\智能车软件\k60最新\小车1\Prj\IAR\DZ10_Debug\Obj\MK60_mcg.o
#        C:\Users\jiage\Desktop\智能车软件\k60最新\小车1\Prj\IAR\DZ10_Debug\Obj\MK60_PIT.o
#        C:\Users\jiage\Desktop\智能车软件\k60最新\小车1\Prj\IAR\DZ10_Debug\Obj\MK60_port.o
#        C:\Users\jiage\Desktop\智能车软件\k60最新\小车1\Prj\IAR\DZ10_Debug\Obj\MK60_SysTick.o
#        C:\Users\jiage\Desktop\智能车软件\k60最新\小车1\Prj\IAR\DZ10_Debug\Obj\MK60_uart.o
#        C:\Users\jiage\Desktop\智能车软件\k60最新\小车1\Prj\IAR\DZ10_Debug\Obj\MK60_wdog.o
#        C:\Users\jiage\Desktop\智能车软件\k60最新\小车1\Prj\IAR\DZ10_Debug\Obj\PID.o
#        C:\Users\jiage\Desktop\智能车软件\k60最新\小车1\Prj\IAR\DZ10_Debug\Obj\startup_MK60DZ10.o
#        C:\Users\jiage\Desktop\智能车软件\k60最新\小车1\Prj\IAR\DZ10_Debug\Obj\system_MK60DZ10.o
#        C:\Users\jiage\Desktop\智能车软件\k60最新\小车1\Prj\IAR\DZ10_Debug\Obj\Systeminit.o
#        C:\Users\jiage\Desktop\智能车软件\k60最新\小车1\Prj\IAR\DZ10_Debug\Obj\test.o
#        C:\Users\jiage\Desktop\智能车软件\k60最新\小车1\Prj\IAR\DZ10_Debug\Obj\VCAN_camera.o
#        C:\Users\jiage\Desktop\智能车软件\k60最新\小车1\Prj\IAR\DZ10_Debug\Obj\VCAN_computer.o
#        C:\Users\jiage\Desktop\智能车软件\k60最新\小车1\Prj\IAR\DZ10_Debug\Obj\VCAN_key.o
#        C:\Users\jiage\Desktop\智能车软件\k60最新\小车1\Prj\IAR\DZ10_Debug\Obj\VCAN_LED.o
#        C:\Users\jiage\Desktop\智能车软件\k60最新\小车1\Prj\IAR\DZ10_Debug\Obj\VCAN_OV7725_Eagle.o
#        C:\Users\jiage\Desktop\智能车软件\k60最新\小车1\Prj\IAR\DZ10_Debug\Obj\VCAN_SCCB.o
#        C:\Users\jiage\Desktop\智能车软件\k60最新\小车1\Prj\IAR\DZ10_Debug\Obj\vectors.o
#        --redirect _Printf=_PrintfLargeNoMb --redirect _Scanf=_ScanfLargeNoMb
#        -o
#        C:\Users\jiage\Desktop\智能车软件\k60最新\小车1\Prj\IAR\DZ10_Debug\Exe\vcan_Kinetis.out
#        --map
#        C:\Users\jiage\Desktop\智能车软件\k60最新\小车1\Prj\IAR\DZ10_Debug\List\vcan_Kinetis.map
#        --config
#        "C:\Users\jiage\Desktop\智能车软件\k60最新\小车1\Prj\IAR\config
#        files\vcan_ROM_K60N512.icf"
#        C:\Users\jiage\Desktop\智能车软件\k60最新\小车1\Prj\IAR\..\..\Lib\CMSIS\iar_cortexM4l_math.a
#        --entry __iar_program_start --vfe
#
###############################################################################

*******************************************************************************
*** RUNTIME MODEL ATTRIBUTES
***

CppFlavor       = *
__SystemLibrary = DLib


*******************************************************************************
*** PLACEMENT SUMMARY
***

"A0":  place at 0x00000000 { ro section .intvec };
"A1":  place at 0x00000410 { ro section .noinit };
"P1":  place in [from 0x00000000 to 0x00080000] { ro, block CodeRelocate };
"P2":  place in [from 0x1fff0410 to 0x20010000] {
          rw, block CodeRelocateRam, block CSTACK, block HEAP };
initialize manually with packing = copy, complex ranges { rw };
initialize manually with packing = copy, complex ranges { section .data };
initialize manually with packing = copy, complex ranges { section .textrw };

  Section              Kind        Address    Size  Object
  -------              ----        -------    ----  ------
"A0":                                        0x410
  .intvec              const    0x00000000   0x410  vectors.o [1]
                              - 0x00000410   0x410

"A1":                                          0x8
  .noinit              ro code  0x00000410     0x8  startup_MK60DZ10.o [1]
                              - 0x00000418     0x8

"P1":                                       0x5978
  .text                ro code  0x00000418  0x15e6  Handle.o [1]
  .text                ro code  0x000019fe     0xa  xsprout.o [3]
  .text                ro code  0x00001a08    0x24  FltCmpGe.o [4]
  .text                ro code  0x00001a2c    0x32  I32ToFlt.o [4]
  .text                ro code  0x00001a60    0xd8  FltMul.o [4]
  .text                ro code  0x00001b38    0x84  FltAdd.o [4]
  .text                ro code  0x00001bbc    0x44  FltToS32.o [4]
  .text                ro code  0x00001c00    0x30  I32ToDbl.o [4]
  .text                ro code  0x00001c30   0x1a2  DblMul.o [4]
  .text                ro code  0x00001dd4   0x256  DblDiv.o [4]
  .text                ro code  0x0000202c    0x90  DblToFlt.o [4]
  .text                ro code  0x000020bc    0x16  control.o [1]
  .text                ro code  0x000020d4    0x24  FltCmpLe.o [4]
  .text                ro code  0x000020f8    0xac  VCAN_LED.o [1]
  .text                ro code  0x000021a4    0xe8  DblAdd.o [4]
  .text                ro code  0x0000228c    0x58  DblToI32.o [4]
  .text                ro code  0x000022e4    0xe6  FltSub.o [4]
  .text                ro code  0x000023cc   0x17c  MK60_gpio.o [1]
  .text                ro code  0x00002548   0x180  DblSub.o [4]
  .text                ro code  0x000026c8    0xb8  MK60_port.o [1]
  .text                ro code  0x00002780    0x80  MK60_conf.o [1]
  .text                ro code  0x00002800    0x24  printf.o [3]
  .text                ro code  0x00002824    0x64  MK60_SysTick.o [1]
  .text                ro code  0x00002888   0x248  MK60_uart.o [1]
  .text                ro code  0x00002ad0   0xc12  xprintflarge_nomb.o [3]
  .text                ro code  0x000036e4    0x16  strchr.o [5]
  .text                ro code  0x000036fc    0x36  strlen.o [5]
  .text                ro code  0x00003734    0x58  memchr.o [5]
  .text                ro code  0x0000378c    0xee  I64DivMod.o [5]
  .text                ro code  0x0000387c    0x76  ABImemcpy_unaligned.o [5]
  .text                ro code  0x000038f2    0x44  xdnorm.o [4]
  .text                ro code  0x00003938    0x2e  DblCmpLe.o [4]
  .text                ro code  0x00003968    0x6c  localeconv.o [3]
  .text                ro code  0x000039d4     0xe  div.o [3]
  .text                ro code  0x000039e4     0x2  I64DivZer.o [5]
  .text                ro code  0x000039e6     0x2  xtls.o [3]
  .data_init                    0x000039e8   0x8ac  <Block>
    Initializer bytes  const    0x000039e8   0x8ac  <for .data-1>
  .text                ro code  0x00004294   0x3d0  MK60_ftm.o [1]
  Veneer               ro code  0x00004664     0x8  - Linker created -
  .text                ro code  0x0000466c   0x3b4  MK60_mcg.o [1]
  .text                ro code  0x00004a20   0x362  VCAN_SCCB.o [1]
  .text                ro code  0x00004d84   0x250  VCAN_OV7725_Eagle.o [1]
  .text                ro code  0x00004fd4   0x244  MK60_dma.o [1]
  .text                ro code  0x00005218   0x1f4  Systeminit.o [1]
  .text                ro code  0x0000540c    0x50  misc.o [1]
  .text                ro code  0x0000545c   0x16c  PID.o [1]
  .text                ro code  0x000055c8    0x24  FltToU32.o [4]
  .text                ro code  0x000055ec   0x120  system_MK60DZ10.o [1]
  .text                ro code  0x0000570c    0x40  MK60_wdog.o [1]
  .text                ro code  0x0000574c    0xfc  main.o [1]
  .text                ro code  0x00005848    0xa4  MK60_it.o [1]
  .text                ro code  0x000058ec    0x34  sprintf.o [3]
  CodeRelocate                  0x00005920    0x50  <Block>
    Initializer bytes  const    0x00005920    0x50  <for CodeRelocateRam-1>
  .rodata              const    0x00005970    0x48  MK60_gpio.o [1]
  .rodata              const    0x000059b8    0x48  MK60_SysTick.o [1]
  .rodata              const    0x00005a00    0x48  MK60_uart.o [1]
  .rodata              const    0x00005a48    0x44  MK60_dma.o [1]
  .rodata              const    0x00005a8c    0x44  MK60_ftm.o [1]
  .rodata              const    0x00005ad0    0x40  misc.o [1]
  .text                ro code  0x00005b10    0x40  zero_init3.o [5]
  .rodata              const    0x00005b50    0x3c  MK60_conf.o [1]
  .text                ro code  0x00005b8c    0x28  data_init.o [5]
  .rodata              const    0x00005bb4    0x24  MK60_conf.o [1]
  .rodata              const    0x00005bd8    0x24  VCAN_OV7725_Eagle.o [1]
  .rodata              const    0x00005bfc    0x24  VCAN_OV7725_Eagle.o [1]
  .iar.init_table      const    0x00005c20    0x10  - Linker created -
  .rodata              const    0x00005c30    0x20  VCAN_OV7725_Eagle.o [1]
  .text                ro code  0x00005c50    0x1a  cmain.o [5]
  .text                ro code  0x00005c6a     0x4  low_level_init.o [3]
  .text                ro code  0x00005c6e     0x4  exit.o [3]
  .text                ro code  0x00005c74     0xa  cexit.o [5]
  .text                ro code  0x00005c80     0xc  XXexit.o [5]
  .rodata              const    0x00005c8c    0x18  VCAN_OV7725_Eagle.o [1]
  .rodata              const    0x00005ca4    0x18  VCAN_OV7725_Eagle.o [1]
  .text                ro code  0x00005cbc    0x16  xprout.o [3]
  .text                ro code  0x00005cd4     0xc  putchar.o [3]
  .rodata              const    0x00005ce0    0x14  VCAN_OV7725_Eagle.o [1]
  .text                ro code  0x00005cf4     0xc  cstartup_M.o [5]
  .rodata              const    0x00005d00     0x8  MK60_it.o [1]
  .rodata              const    0x00005d08     0x0  zero_init3.o [5]
  Initializer bytes    const    0x00005d08    0x88  <for P2 s0>
                              - 0x00005d90  0x5978

"P2", part 1 of 3:                           0x8fc
  .data                         0x1fff0410   0x8ac  <Block>
    .data-1                     0x1fff0410   0x8aa  <Init block>
      .data            inited   0x1fff0410     0x4  control.o [1]
      .data            inited   0x1fff0414     0x4  control.o [1]
      .data            inited   0x1fff0418     0x4  control.o [1]
      .data            inited   0x1fff041c    0x3c  Handle.o [1]
      .data            inited   0x1fff0458   0x708  MK60_conf.o [1]
      .data            inited   0x1fff0b60    0x10  MK60_ftm.o [1]
      .data            inited   0x1fff0b70    0x14  MK60_gpio.o [1]
      .data            inited   0x1fff0b84    0x44  MK60_mcg.o [1]
      .data            inited   0x1fff0bc8     0x4  MK60_mcg.o [1]
      .data            inited   0x1fff0bcc    0x14  MK60_port.o [1]
      .data            inited   0x1fff0be0    0x18  MK60_uart.o [1]
      .data            inited   0x1fff0bf8    0x14  PID.o [1]
      .data            inited   0x1fff0c0c     0x4  VCAN_LED.o [1]
      .data            inited   0x1fff0c10    0x64  VCAN_OV7725_Eagle.o [1]
      .data            inited   0x1fff0c74    0x40  xfiles.o [3]
      .data            inited   0x1fff0cb4     0x2  Handle.o [1]
      .data            inited   0x1fff0cb6     0x1  Handle.o [1]
      .data            inited   0x1fff0cb7     0x1  Handle.o [1]
      .data            inited   0x1fff0cb8     0x1  VCAN_OV7725_Eagle.o [1]
      .data            inited   0x1fff0cb9     0x1  VCAN_OV7725_Eagle.o [1]
  CodeRelocateRam               0x1fff0cbc    0x50  <Block>
    CodeRelocateRam-1           0x1fff0cbc    0x50  <Init block>
      .textrw          inited   0x1fff0cbc    0x50  MK60_mcg.o [1]
                              - 0x1fff0d0c   0x8fc

"P2", part 2 of 3:                          0x17c4
  .bss                          0x1fff0d0c  0x17c4  <Block>
    .bss               zero     0x1fff0d0c     0x4  control.o [1]
    .bss               zero     0x1fff0d10     0x4  Handle.o [1]
    .bss               zero     0x1fff0d14     0x4  Handle.o [1]
    .bss               zero     0x1fff0d18    0x40  Handle.o [1]
    .bss               zero     0x1fff0d58    0x40  Handle.o [1]
    .bss               zero     0x1fff0d98    0x40  Handle.o [1]
    .bss               zero     0x1fff0dd8    0x40  Handle.o [1]
    .bss               zero     0x1fff0e18    0x40  Handle.o [1]
    .bss               zero     0x1fff0e58    0x40  Handle.o [1]
    .bss               zero     0x1fff0e98    0x40  Handle.o [1]
    .bss               zero     0x1fff0ed8    0x40  Handle.o [1]
    .bss               zero     0x1fff0f18   0x258  Handle.o [1]
    .bss               zero     0x1fff1170  0x12c0  Handle.o [1]
    .bss               zero     0x1fff2430    0x10  MK60_ftm.o [1]
    .bss               zero     0x1fff2440    0x10  PID.o [1]
    .bss               zero     0x1fff2450     0x4  system_MK60DZ10.o [1]
    .bss               zero     0x1fff2454     0x4  system_MK60DZ10.o [1]
    .bss               zero     0x1fff2458     0x4  system_MK60DZ10.o [1]
    .bss               zero     0x1fff245c     0x4  VCAN_OV7725_Eagle.o [1]
    .bss               zero     0x1fff2460     0x4  VCAN_OV7725_Eagle.o [1]
    .bss               zero     0x1fff2464    0x50  xfiles.o [3]
    .bss               zero     0x1fff24b4     0x1  control.o [1]
    .bss               zero     0x1fff24b5     0x1  control.o [1]
    .bss               zero     0x1fff24b6     0x1  Handle.o [1]
    .bss               zero     0x1fff24b7     0x1  Handle.o [1]
    .bss               zero     0x1fff24b8     0x1  Handle.o [1]
    .bss               zero     0x1fff24b9     0x1  Handle.o [1]
    .bss               zero     0x1fff24ba     0x1  Handle.o [1]
    .bss               zero     0x1fff24bb     0x1  Handle.o [1]
    .bss               zero     0x1fff24bc     0x1  Handle.o [1]
    .bss               zero     0x1fff24bd     0x1  Handle.o [1]
    .bss               zero     0x1fff24be     0x1  Handle.o [1]
    .bss               zero     0x1fff24bf     0x1  Handle.o [1]
    .bss               zero     0x1fff24c0     0x1  Handle.o [1]
    .bss               zero     0x1fff24c1     0x1  Handle.o [1]
    .bss               zero     0x1fff24c2     0x1  Handle.o [1]
    .bss               zero     0x1fff24c3     0x1  Handle.o [1]
    .bss               zero     0x1fff24c4     0x1  Handle.o [1]
    .bss               zero     0x1fff24c5     0x1  Handle.o [1]
    .bss               zero     0x1fff24c6     0x1  Handle.o [1]
    .bss               zero     0x1fff24c7     0x1  Handle.o [1]
    .bss               zero     0x1fff24c8     0x1  Handle.o [1]
    .bss               zero     0x1fff24c9     0x1  Handle.o [1]
    .bss               zero     0x1fff24ca     0x1  Handle.o [1]
    .bss               zero     0x1fff24cb     0x1  Handle.o [1]
    .bss               zero     0x1fff24cc     0x1  Handle.o [1]
    .bss               zero     0x1fff24cd     0x1  VCAN_OV7725_Eagle.o [1]
                              - 0x1fff24d0  0x17c4

"P2", part 3 of 3:                            0x88
  P2 s0                         0x1fff24d0    0x88  <Init block>
    __DLIB_PERTHREAD   inited   0x1fff24d0    0x88  localeconv.o [3]
                              - 0x1fff2558    0x88


*******************************************************************************
*** INIT TABLE
***

          Address     Size
          -------     ----
Zero (__iar_zero_init3)
    1 destination range, total size 0x17c2:
          0x1fff0d0c  0x17c2



*******************************************************************************
*** MODULE SUMMARY
***

    Module                 ro code  rw code  ro data  rw data
    ------                 -------  -------  -------  -------
C:\Users\jiage\Desktop\智能车软件\k60最新\小车1\Prj\IAR\DZ10_Debug\Obj: [1]
    Handle.o                 5 606                64    6 007
    MK60_SysTick.o             100                72
    MK60_conf.o                128             1 896    1 800
    MK60_dma.o                 580                68
    MK60_ftm.o                 976                84       32
    MK60_gpio.o                380                92       20
    MK60_it.o                  164                 8
    MK60_mcg.o                 948       80      152       72
    MK60_port.o                184                20       20
    MK60_uart.o                584                96       24
    MK60_wdog.o                 64
    PID.o                      364                20       36
    Systeminit.o               500
    VCAN_LED.o                 172                 4        4
    VCAN_OV7725_Eagle.o        592               274      111
    VCAN_SCCB.o                866
    control.o                   22                12       18
    main.o                     252
    misc.o                      80                64
    startup_MK60DZ10.o           8
    system_MK60DZ10.o          288                         12
    vectors.o                                  1 040
    ---------------------------------------------------------
    Total:                  12 858       80    3 966    8 156

command line: [2]
    ---------------------------------------------------------
    Total:

dl7M_tlf.a: [3]
    div.o                       14
    exit.o                       4
    localeconv.o               108               136      136
    low_level_init.o             4
    printf.o                    36
    putchar.o                   12
    sprintf.o                   52
    xfiles.o                                      64      144
    xprintflarge_nomb.o      3 090
    xprout.o                    22
    xsprout.o                   10
    xtls.o                       2
    ---------------------------------------------------------
    Total:                   3 354               200      280

m7M_tl.a: [4]
    DblAdd.o                   232
    DblCmpLe.o                  46
    DblDiv.o                   598
    DblMul.o                   418
    DblSub.o                   384
    DblToFlt.o                 144
    DblToI32.o                  88
    FltAdd.o                   132
    FltCmpGe.o                  36
    FltCmpLe.o                  36
    FltMul.o                   216
    FltSub.o                   230
    FltToS32.o                  68
    FltToU32.o                  36
    I32ToDbl.o                  48
    I32ToFlt.o                  50
    xdnorm.o                    68
    ---------------------------------------------------------
    Total:                   2 830

rt7M_tl.a: [5]
    ABImemcpy_unaligned.o      118
    I64DivMod.o                238
    I64DivZer.o                  2
    XXexit.o                    12
    cexit.o                     10
    cmain.o                     26
    cstartup_M.o                12
    data_init.o                 40
    memchr.o                    88
    strchr.o                    22
    strlen.o                    54
    zero_init3.o                64
    ---------------------------------------------------------
    Total:                     686

    Gaps                        32
    Linker created               8                18
-------------------------------------------------------------
    Grand Total:            19 768       80    4 184    8 436


*******************************************************************************
*** ENTRY LIST
***

Entry                      Address    Size  Type      Object
-----                      -------    ----  ----      ------
.bss$$Base              0x1fff0d0c           --   Gb  - Linker created -
.bss$$Limit             0x1fff24d0           --   Gb  - Linker created -
.data$$Base             0x1fff0410           --   Gb  - Linker created -
.data$$Limit            0x1fff0cbc           --   Gb  - Linker created -
.data_init$$Base        0x000039e8           --   Gb  - Linker created -
.data_init$$Limit       0x00004294           --   Gb  - Linker created -
.iar.init_table$$Base   0x00005c20           --   Gb  - Linker created -
.iar.init_table$$Limit  0x00005c30           --   Gb  - Linker created -
?main                   0x00005c51          Code  Gb  cmain.o [5]
ASSERT_FAILED_STR       0x00005bb4    0x24  Data  Gb  MK60_conf.o [1]
CodeRelocate$$Base      0x00005920           --   Gb  - Linker created -
CodeRelocate$$Limit     0x00005970           --   Gb  - Linker created -
CodeRelocateRam$$Base   0x1fff0cbc           --   Gb  - Linker created -
CodeRelocateRam$$Limit  0x1fff0d0c           --   Gb  - Linker created -
DMA0_IRQHandler         0x0000586b     0x8  Code  Gb  MK60_it.o [1]
Error_Transform         0x00001081    0x14  Code  Gb  Handle.o [1]
EverythingInit          0x00005271   0x168  Code  Gb  Systeminit.o [1]
FTMN                    0x1fff0b60    0x10  Data  Gb  MK60_ftm.o [1]
FTM_port_mux            0x00004295   0x118  Code  Lc  MK60_ftm.o [1]
FieldOver_Flag          0x1fff24cd     0x1  Data  Gb  VCAN_OV7725_Eagle.o [1]
First_Line_Add          0x00000d37   0x10c  Code  Gb  Handle.o [1]
Foresight               0x1fff24cb     0x1  Data  Gb  Handle.o [1]
Foresight_Left          0x1fff24c0     0x1  Data  Gb  Handle.o [1]
Foresight_Right         0x1fff24c1     0x1  Data  Gb  Handle.o [1]
GPIOX                   0x1fff0b70    0x14  Data  Gb  MK60_gpio.o [1]
Hazard_Left_Flag        0x1fff24c5     0x1  Data  Gb  Handle.o [1]
Hazard_Right_Flag       0x1fff24c6     0x1  Data  Gb  Handle.o [1]
Image_GetLine           0x00000419   0x91e  Code  Gb  Handle.o [1]
LED_PTxn                0x1fff0c0c     0x4  Data  Gb  VCAN_LED.o [1]
Left_Add                0x1fff0e98    0x40  Data  Gb  Handle.o [1]
Left_Add_End            0x1fff24b9     0x1  Data  Gb  Handle.o [1]
Left_Add_Start          0x1fff24b7     0x1  Data  Gb  Handle.o [1]
Left_Jam                0x1fff24c7     0x1  Data  Gb  Handle.o [1]
Left_Last_Slope         0x1fff0d10     0x4  Data  Gb  Handle.o [1]
Left_Line               0x1fff0d18    0x40  Data  Gb  Handle.o [1]
Left_Line_New           0x1fff0dd8    0x40  Data  Gb  Handle.o [1]
Left_Line_Repair        0x000011f5   0x196  Code  Gb  Handle.o [1]
Left_Max                0x1fff24bb     0x1  Data  Gb  Handle.o [1]
Left_y                  0x1fff24bd     0x1  Data  Gb  Handle.o [1]
LoadInt                 0x00003065    0x6e  Code  Lc  xprintflarge_nomb.o [3]
MOTOR                   0x1fff0bf8    0x14  Data  Gb  PID.o [1]
MOTOR_Duty1             0x1fff0410     0x4  Data  Gb  control.o [1]
MOTOR_Duty2             0x1fff0414     0x4  Data  Gb  control.o [1]
MOTOR_Speed             0x1fff0d0c     0x4  Data  Gb  control.o [1]
Mid_Count               0x1fff24bf     0x1  Data  Gb  Handle.o [1]
Mid_Line                0x1fff0d58    0x40  Data  Gb  Handle.o [1]
Mid_Line_Repair         0x000010b1   0x144  Code  Gb  Handle.o [1]
NVIC_DisableIRQ         0x00004d99    0x14  Code  Lc  VCAN_OV7725_Eagle.o [1]
NVIC_EnableIRQ          0x00005237    0x14  Code  Lc  Systeminit.o [1]
NVIC_EnableIRQ          0x00004d85    0x14  Code  Lc  VCAN_OV7725_Eagle.o [1]
NVIC_SetPriority        0x0000524b    0x26  Code  Lc  Systeminit.o [1]
NVIC_SetPriorityGrouping
                        0x00005219    0x1e  Code  Lc  Systeminit.o [1]
Out_Side                0x1fff24cc     0x1  Data  Gb  Handle.o [1]
PIT0_IRQHandler         0x00005899    0x3a  Code  Gb  MK60_it.o [1]
PORTA_IRQHandler        0x00005849    0x22  Code  Gb  MK60_it.o [1]
PORTE_IRQHandler        0x00005873    0x26  Code  Gb  MK60_it.o [1]
PORTX                   0x1fff0bcc    0x14  Data  Gb  MK60_port.o [1]
PlacePID_Control        0x0000545d   0x15c  Code  Gb  PID.o [1]
Point                   0x1fff0cb6     0x1  Data  Gb  Handle.o [1]
PointWeightAdjust       0x0000197d    0x82  Code  Gb  Handle.o [1]
Point_Mid               0x1fff24ca     0x1  Data  Gb  Handle.o [1]
Point_Weight            0x00000e9d   0x1da  Code  Gb  Handle.o [1]
Point_Weight::Last_Point
                        0x1fff0cb7     0x1  Data  Lc  Handle.o [1]
Region$$Table$$Base     0x00005c20           --   Gb  - Linker created -
Region$$Table$$Limit    0x00005c30           --   Gb  - Linker created -
Repair_Flag             0x1fff24c4     0x1  Data  Gb  Handle.o [1]
Reset_Handler           0x00000411          Code  Gb  startup_MK60DZ10.o [1]
Right_Add               0x1fff0ed8    0x40  Data  Gb  Handle.o [1]
Right_Add_End           0x1fff24ba     0x1  Data  Gb  Handle.o [1]
Right_Add_Start         0x1fff24b8     0x1  Data  Gb  Handle.o [1]
Right_Jam               0x1fff24c8     0x1  Data  Gb  Handle.o [1]
Right_Last_Slope        0x1fff0d14     0x4  Data  Gb  Handle.o [1]
Right_Line              0x1fff0d98    0x40  Data  Gb  Handle.o [1]
Right_Line_New          0x1fff0e18    0x40  Data  Gb  Handle.o [1]
Right_Line_Repair       0x0000139d   0x19a  Code  Gb  Handle.o [1]
Right_Min               0x1fff24bc     0x1  Data  Gb  Handle.o [1]
Right_y                 0x1fff24be     0x1  Data  Gb  Handle.o [1]
Run_Flag                0x1fff24b4     0x1  Data  Gb  control.o [1]
Runtime_cnt             0x1fff2460     0x4  Data  Gb  VCAN_OV7725_Eagle.o [1]
SCCB_Ack                0x00004af5    0x3c  Code  Lc  VCAN_SCCB.o [1]
SCCB_GPIO_init          0x00004a3b    0x28  Code  Gb  VCAN_SCCB.o [1]
SCCB_NoAck              0x00004b31    0x3c  Code  Lc  VCAN_SCCB.o [1]
SCCB_ReadByte           0x00004cd1    0x2c  Code  Gb  VCAN_SCCB.o [1]
SCCB_ReadByte_one       0x00004cfd    0x86  Code  Lc  VCAN_SCCB.o [1]
SCCB_ReceiveByte        0x00004bfd    0x54  Code  Lc  VCAN_SCCB.o [1]
SCCB_SendByte           0x00004bb9    0x44  Code  Lc  VCAN_SCCB.o [1]
SCCB_Start              0x00004a63    0x5e  Code  Lc  VCAN_SCCB.o [1]
SCCB_Stop               0x00004ac1    0x34  Code  Lc  VCAN_SCCB.o [1]
SCCB_WaitAck            0x00004b6d    0x4c  Code  Lc  VCAN_SCCB.o [1]
SCCB_WriteByte          0x00004c61    0x28  Code  Gb  VCAN_SCCB.o [1]
SCCB_WriteByte_one      0x00004c89    0x48  Code  Lc  VCAN_SCCB.o [1]
SCCB_delay              0x00004a21    0x1a  Code  Lc  VCAN_SCCB.o [1]
S_D5_Duty               0x1fff0418     0x4  Data  Gb  control.o [1]
S_D5_PID                0x1fff2440    0x10  Data  Gb  PID.o [1]
Starting_Line_Flag      0x1fff24c9     0x1  Data  Gb  Handle.o [1]
Stop_Flag               0x1fff24b5     0x1  Data  Gb  control.o [1]
Traversal_Left          0x000016c5    0x76  Code  Gb  Handle.o [1]
Traversal_Left_Line     0x000017b9    0x7c  Code  Gb  Handle.o [1]
Traversal_Left_Side     0x00001619    0x40  Code  Gb  Handle.o [1]
Traversal_Mid_Line      0x00001537    0xdc  Code  Gb  Handle.o [1]
Traversal_Right         0x0000173b    0x7e  Code  Gb  Handle.o [1]
Traversal_Right_Line    0x00001839    0x84  Code  Gb  Handle.o [1]
Traversal_Right_Side    0x0000165d    0x40  Code  Gb  Handle.o [1]
Turn_Left               0x1fff24c2     0x1  Data  Gb  Handle.o [1]
Turn_Right              0x1fff24c3     0x1  Data  Gb  Handle.o [1]
UARTN                   0x1fff0be0    0x18  Data  Gb  MK60_uart.o [1]
Weight                  0x1fff041c    0x3c  Data  Gb  Handle.o [1]
Width                   0x1fff0e58    0x40  Data  Gb  Handle.o [1]
Width_Min               0x1fff24b6     0x1  Data  Gb  Handle.o [1]
_GenldLargeNoMb         0x0000345b   0x23e  Code  Lc  xprintflarge_nomb.o [3]
_LdtobLargeNoMb         0x000031dd   0x278  Code  Lc  xprintflarge_nomb.o [3]
_LitobLargeNoMb         0x000030d3   0x10a  Code  Lc  xprintflarge_nomb.o [3]
_Locale_aeabi_lconv     0x1fff2520    0x38  Data  Gb  localeconv.o [3]
_Locale_lconv           0x1fff24d0    0x50  Data  Gb  localeconv.o [3]
_PrintfLargeNoMb        0x00002ad1   0x58e  Code  Gb  xprintflarge_nomb.o [3]
_Prout                  0x00005cbd    0x16  Code  Gb  xprout.o [3]
_PutcharsLargeNoMb      0x00003699    0x2e  Code  Lc  xprintflarge_nomb.o [3]
_SProut                 0x000019ff     0xa  Code  Gb  xsprout.o [3]
__BOOT_STACK_ADDRESS {Abs}
                        0x2000fff8          Data  Gb  command line/config [2]
__VECTOR_RAM {Abs}      0x1fff0000          Data  Gb  command line/config [2]
__VECTOR_TABLE {Abs}    0x00000000          Data  Gb  command line/config [2]
__aeabi_cdcmple         0x00003939          Code  Gb  DblCmpLe.o [4]
__aeabi_cfcmple         0x000020d5          Code  Gb  FltCmpLe.o [4]
__aeabi_cfrcmple        0x00001a09          Code  Gb  FltCmpGe.o [4]
__aeabi_d2f             0x0000202d          Code  Gb  DblToFlt.o [4]
__aeabi_d2iz            0x0000228d          Code  Gb  DblToI32.o [4]
__aeabi_d2uiz           0x000022b9          Code  Gb  DblToI32.o [4]
__aeabi_dadd            0x000021a5          Code  Gb  DblAdd.o [4]
__aeabi_ddiv            0x00001dd5          Code  Gb  DblDiv.o [4]
__aeabi_dmul            0x00001c31          Code  Gb  DblMul.o [4]
__aeabi_dsub            0x00002549          Code  Gb  DblSub.o [4]
__aeabi_f2iz            0x00001bbd          Code  Gb  FltToS32.o [4]
__aeabi_f2uiz           0x000055c9          Code  Gb  FltToU32.o [4]
__aeabi_fadd            0x00001b39          Code  Gb  FltAdd.o [4]
__aeabi_fmul            0x00001a61          Code  Gb  FltMul.o [4]
__aeabi_fsub            0x000022e5          Code  Gb  FltSub.o [4]
__aeabi_i2d             0x00001c01          Code  Gb  I32ToDbl.o [4]
__aeabi_i2f             0x00001a2d          Code  Gb  I32ToFlt.o [4]
__aeabi_ldiv0           0x000039e5          Code  Gb  I64DivZer.o [5]
__aeabi_ui2d            0x00001c15          Code  Gb  I32ToDbl.o [4]
__aeabi_ui2f            0x00001a41          Code  Gb  I32ToFlt.o [4]
__aeabi_uldivmod        0x0000378d          Code  Gb  I64DivMod.o [5]
__cmain                 0x00005c51          Code  Gb  cmain.o [5]
__code_start__ {Abs}    0x00000410          Data  Gb  command line/config [2]
__exit                  0x00005c81          Code  Gb  XXexit.o [5]
__iar_Dnorm             0x000038f3    0x44  Code  Gb  xdnorm.o [4]
__iar_Locale_lconv_init
                        0x00003969    0x3a  Code  Gb  localeconv.o [3]
__iar_Memchr            0x00003735          Code  Gb  memchr.o [5]
__iar_Stdout            0x1fff0c74    0x40  Data  Gb  xfiles.o [3]
__iar_Strchr            0x000036e5          Code  Gb  strchr.o [5]
__iar_d2uiz             0x000022c5          Code  Gb  DblToI32.o [4]
__iar_dadd              0x000021b9          Code  Gb  DblAdd.o [4]
__iar_data_init3        0x00005b8d    0x28  Code  Gb  data_init.o [5]
__iar_dlib_perthread_access
                        0x000039e7     0x2  Code  Gb  xtls.o [3]
__iar_dsub              0x0000255d          Code  Gb  DblSub.o [4]
__iar_dsubStart         0x0000256f          Code  Gb  DblSub.o [4]
__iar_fadd              0x00001b49          Code  Gb  FltAdd.o [4]
__iar_fsub              0x000022f5          Code  Gb  FltSub.o [4]
__iar_fsubStart         0x00002305          Code  Gb  FltSub.o [4]
__iar_program_start     0x00005cf5          Code  Gb  cstartup_M.o [5]
__iar_ui2d              0x00001c19          Code  Gb  I32ToDbl.o [4]
__iar_ui2f              0x00001a45          Code  Gb  I32ToFlt.o [4]
__iar_unaligned___aeabi_memcpy
                        0x0000387d          Code  Gb  ABImemcpy_unaligned.o [5]
__iar_unaligned___aeabi_memcpy4
                        0x0000389d          Code  Gb  ABImemcpy_unaligned.o [5]
__iar_unaligned___aeabi_memcpy8
                        0x0000389d          Code  Gb  ABImemcpy_unaligned.o [5]
__iar_zero_init3        0x00005b11    0x40  Code  Gb  zero_init3.o [5]
__low_level_init        0x00005c6b     0x4  Code  Gb  low_level_init.o [3]
__vector_table          0x00000000   0x410  Data  Gb  vectors.o [1]
_call_main              0x00005c5d          Code  Gb  cmain.o [5]
_exit                   0x00005c75          Code  Gb  cexit.o [5]
_main                   0x00005c67          Code  Gb  cmain.o [5]
assert_failed           0x00002781    0x26  Code  Gb  MK60_conf.o [1]
bus_clk_khz             0x1fff2458     0x4  Data  Gb  system_MK60DZ10.o [1]
colour                  0x1fff0cb4     0x2  Data  Gb  Handle.o [1]
common_startup          0x0000563d    0x98  Code  Gb  system_MK60DZ10.o [1]
core_clk_khz            0x1fff2450     0x4  Data  Gb  system_MK60DZ10.o [1]
core_clk_mhz            0x1fff2454     0x4  Data  Gb  system_MK60DZ10.o [1]
default_isr             0x000027bb    0x34  Code  Gb  MK60_conf.o [1]
div                     0x000039d5     0xe  Code  Gb  div.o [3]
dma_gpio_input_init     0x00004fd5    0x60  Code  Lc  MK60_dma.o [1]
dma_portx2buff_init     0x00005035   0x1b0  Code  Gb  MK60_dma.o [1]
exit                    0x00005c6f     0x4  Code  Gb  exit.o [3]
fputc                   0x000027a7    0x14  Code  Gb  MK60_conf.o [1]
ftm_mod                 0x1fff2430    0x10  Data  Lc  MK60_ftm.o [1]
ftm_pwm_duty            0x00004539    0xbe  Code  Gb  MK60_ftm.o [1]
ftm_pwm_init            0x000043ad   0x18c  Code  Gb  MK60_ftm.o [1]
ftm_quad_clean          0x00004623    0x28  Code  Gb  MK60_ftm.o [1]
ftm_quad_get            0x000045f7    0x2c  Code  Gb  MK60_ftm.o [1]
gpio_get                0x00002505    0x3a  Code  Gb  MK60_gpio.o [1]
gpio_init               0x000023cd    0xae  Code  Gb  MK60_gpio.o [1]
gpio_set                0x0000247b    0x52  Code  Gb  MK60_gpio.o [1]
gpio_turn               0x000024cd    0x38  Code  Gb  MK60_gpio.o [1]
img                     0x1fff1170  0x12c0  Data  Gb  Handle.o [1]
img_extract             0x000018c9    0x90  Code  Gb  Handle.o [1]
imgbuff                 0x1fff0f18   0x258  Data  Gb  Handle.o [1]
led                     0x00002133    0x3c  Code  Gb  VCAN_LED.o [1]
led_init                0x000020f9    0x3a  Code  Gb  VCAN_LED.o [1]
led_turn                0x0000216f    0x32  Code  Gb  VCAN_LED.o [1]
localeconv              0x000039a3    0x16  Code  Gb  localeconv.o [3]
main                    0x0000574d    0xfc  Code  Gb  main.o [1]
mcg_cfg                 0x1fff0b84    0x44  Data  Gb  MK60_mcg.o [1]
mcg_div                 0x1fff0bc8     0x4  Data  Gb  MK60_mcg.o [1]
mcg_div_count           0x0000466d   0x2e6  Code  Gb  MK60_mcg.o [1]
memchr                  0x00003735          Code  Gb  memchr.o [5]
obuf                    0x1fff2464    0x50  Data  Lc  xfiles.o [3]
ov7725_eagle_cfgnum     0x1fff0cb9     0x1  Data  Gb  VCAN_OV7725_Eagle.o [1]
ov7725_eagle_dma        0x00004e6b    0x20  Code  Gb  VCAN_OV7725_Eagle.o [1]
ov7725_eagle_get_img    0x00004e8b    0x42  Code  Gb  VCAN_OV7725_Eagle.o [1]
ov7725_eagle_img_buff   0x1fff245c     0x4  Data  Gb  VCAN_OV7725_Eagle.o [1]
ov7725_eagle_img_flag   0x1fff0cb8     0x1  Data  Gb  VCAN_OV7725_Eagle.o [1]
ov7725_eagle_init       0x00004dad    0x18  Code  Gb  VCAN_OV7725_Eagle.o [1]
ov7725_eagle_port_init  0x00004dc5    0x54  Code  Lc  VCAN_OV7725_Eagle.o [1]
ov7725_eagle_reg        0x1fff0c10    0x64  Data  Gb  VCAN_OV7725_Eagle.o [1]
ov7725_eagle_reg_init   0x00004ecd    0xb2  Code  Lc  VCAN_OV7725_Eagle.o [1]
ov7725_eagle_vsync      0x00004e19    0x52  Code  Gb  VCAN_OV7725_Eagle.o [1]
pll_init                0x00004953    0xb2  Code  Gb  MK60_mcg.o [1]
port_init               0x000026c9    0x48  Code  Gb  MK60_port.o [1]
port_init_NoALT         0x00002711    0x66  Code  Gb  MK60_port.o [1]
printf                  0x00002801    0x24  Code  Gb  printf.o [3]
putchar                 0x00005cd5     0xc  Code  Gb  putchar.o [3]
range_protect           0x000020bd    0x16  Code  Gb  control.o [1]
set_sys_dividers        0x1fff0cbd    0x50  Code  Gb  MK60_mcg.o [1]
set_vector_handler      0x0000542f    0x22  Code  Gb  misc.o [1]
sprintf                 0x000058ed    0x34  Code  Gb  sprintf.o [3]
start                   0x000055ed    0x14  Code  Gb  system_MK60DZ10.o [1]
strchr                  0x000036e5          Code  Gb  strchr.o [5]
strlen                  0x000036fd          Code  Gb  strlen.o [5]
sysinit                 0x00005601    0x3c  Code  Gb  system_MK60DZ10.o [1]
systick_delay           0x00002825    0x36  Code  Gb  MK60_SysTick.o [1]
systick_delay_ms        0x0000285b    0x18  Code  Gb  MK60_SysTick.o [1]
uart_init               0x00002889   0x216  Code  Gb  MK60_uart.o [1]
uart_putchar            0x00002a9f    0x1a  Code  Gb  MK60_uart.o [1]
vector_str              0x1fff0458   0x708  Data  Gb  MK60_conf.o [1]
wdog_disable            0x0000570d    0x16  Code  Gb  MK60_wdog.o [1]
wdog_unlock             0x00005723    0x20  Code  Lc  MK60_wdog.o [1]
write_vtor              0x0000540d    0x22  Code  Gb  misc.o [1]


[1] = C:\Users\jiage\Desktop\智能车软件\k60最新\小车1\Prj\IAR\DZ10_Debug\Obj
[2] = command line
[3] = dl7M_tlf.a
[4] = m7M_tl.a
[5] = rt7M_tl.a

  19 768 bytes of readonly  code memory
      80 bytes of readwrite code memory
   4 184 bytes of readonly  data memory
   8 436 bytes of readwrite data memory

Errors: none
Warnings: none
