###############################################################################
#
# IAR ELF Linker V7.70.1.11437/W32 for ARM                29/Nov/2018  13:58:14
# Copyright 2007-2016 IAR Systems AB.
#
#    Output file  =  
#        C:\Users\jiage\Desktop\智能车软件\k60最新\小车1\Prj\IAR\DZ10_Debug\Exe\vcan_Kinetis.out
#    Map file     =  
#        C:\Users\jiage\Desktop\智能车软件\k60最新\小车1\Prj\IAR\DZ10_Debug\List\vcan_Kinetis.map
#    Command line =  
#        C:\Users\jiage\Desktop\智能车软件\k60最新\小车1\Prj\IAR\DZ10_Debug\Obj\control.o
#        C:\Users\jiage\Desktop\智能车软件\k60最新\小车1\Prj\IAR\DZ10_Debug\Obj\Handle.o
#        C:\Users\jiage\Desktop\智能车软件\k60最新\小车1\Prj\IAR\DZ10_Debug\Obj\main.o
#        C:\Users\jiage\Desktop\智能车软件\k60最新\小车1\Prj\IAR\DZ10_Debug\Obj\misc.o
#        C:\Users\jiage\Desktop\智能车软件\k60最新\小车1\Prj\IAR\DZ10_Debug\Obj\MK60_conf.o
#        C:\Users\jiage\Desktop\智能车软件\k60最新\小车1\Prj\IAR\DZ10_Debug\Obj\MK60_dma.o
#        C:\Users\jiage\Desktop\智能车软件\k60最新\小车1\Prj\IAR\DZ10_Debug\Obj\MK60_DWT.o
#        C:\Users\jiage\Desktop\智能车软件\k60最新\小车1\Prj\IAR\DZ10_Debug\Obj\MK60_flash.o
#        C:\Users\jiage\Desktop\智能车软件\k60最新\小车1\Prj\IAR\DZ10_Debug\Obj\MK60_ftm.o
#        C:\Users\jiage\Desktop\智能车软件\k60最新\小车1\Prj\IAR\DZ10_Debug\Obj\MK60_gpio.o
#        C:\Users\jiage\Desktop\智能车软件\k60最新\小车1\Prj\IAR\DZ10_Debug\Obj\MK60_it.o
#        C:\Users\jiage\Desktop\智能车软件\k60最新\小车1\Prj\IAR\DZ10_Debug\Obj\MK60_lptmr.o
#        C:\Users\jiage\Desktop\智能车软件\k60最新\小车1\Prj\IAR\DZ10_Debug\Obj\MK60_mcg.o
#        C:\Users\jiage\Desktop\智能车软件\k60最新\小车1\Prj\IAR\DZ10_Debug\Obj\MK60_PIT.o
#        C:\Users\jiage\Desktop\智能车软件\k60最新\小车1\Prj\IAR\DZ10_Debug\Obj\MK60_port.o
#        C:\Users\jiage\Desktop\智能车软件\k60最新\小车1\Prj\IAR\DZ10_Debug\Obj\MK60_SysTick.o
#        C:\Users\jiage\Desktop\智能车软件\k60最新\小车1\Prj\IAR\DZ10_Debug\Obj\MK60_uart.o
#        C:\Users\jiage\Desktop\智能车软件\k60最新\小车1\Prj\IAR\DZ10_Debug\Obj\MK60_wdog.o
#        C:\Users\jiage\Desktop\智能车软件\k60最新\小车1\Prj\IAR\DZ10_Debug\Obj\PID.o
#        C:\Users\jiage\Desktop\智能车软件\k60最新\小车1\Prj\IAR\DZ10_Debug\Obj\startup_MK60DZ10.o
#        C:\Users\jiage\Desktop\智能车软件\k60最新\小车1\Prj\IAR\DZ10_Debug\Obj\system_MK60DZ10.o
#        C:\Users\jiage\Desktop\智能车软件\k60最新\小车1\Prj\IAR\DZ10_Debug\Obj\Systeminit.o
#        C:\Users\jiage\Desktop\智能车软件\k60最新\小车1\Prj\IAR\DZ10_Debug\Obj\test.o
#        C:\Users\jiage\Desktop\智能车软件\k60最新\小车1\Prj\IAR\DZ10_Debug\Obj\VCAN_camera.o
#        C:\Users\jiage\Desktop\智能车软件\k60最新\小车1\Prj\IAR\DZ10_Debug\Obj\VCAN_computer.o
#        C:\Users\jiage\Desktop\智能车软件\k60最新\小车1\Prj\IAR\DZ10_Debug\Obj\VCAN_key.o
#        C:\Users\jiage\Desktop\智能车软件\k60最新\小车1\Prj\IAR\DZ10_Debug\Obj\VCAN_LED.o
#        C:\Users\jiage\Desktop\智能车软件\k60最新\小车1\Prj\IAR\DZ10_Debug\Obj\VCAN_OV7725_Eagle.o
#        C:\Users\jiage\Desktop\智能车软件\k60最新\小车1\Prj\IAR\DZ10_Debug\Obj\VCAN_SCCB.o
#        C:\Users\jiage\Desktop\智能车软件\k60最新\小车1\Prj\IAR\DZ10_Debug\Obj\vectors.o
#        --redirect _Printf=_PrintfLargeNoMb --redirect _Scanf=_ScanfLargeNoMb
#        -o
#        C:\Users\jiage\Desktop\智能车软件\k60最新\小车1\Prj\IAR\DZ10_Debug\Exe\vcan_Kinetis.out
#        --map
#        C:\Users\jiage\Desktop\智能车软件\k60最新\小车1\Prj\IAR\DZ10_Debug\List\vcan_Kinetis.map
#        --config
#        "C:\Users\jiage\Desktop\智能车软件\k60最新\小车1\Prj\IAR\config
#        files\vcan_ROM_K60N512.icf"
#        C:\Users\jiage\Desktop\智能车软件\k60最新\小车1\Prj\IAR\..\..\Lib\CMSIS\iar_cortexM4l_math.a
#        --entry __iar_program_start --vfe
#
###############################################################################

*******************************************************************************
*** RUNTIME MODEL ATTRIBUTES
***

CppFlavor       = *
__SystemLibrary = DLib


*******************************************************************************
*** PLACEMENT SUMMARY
***

"A0":  place at 0x00000000 { ro section .intvec };
"A1":  place at 0x00000410 { ro section .noinit };
"P1":  place in [from 0x00000000 to 0x00080000] { ro, block CodeRelocate };
"P2":  place in [from 0x1fff0410 to 0x20010000] {
          rw, block CodeRelocateRam, block CSTACK, block HEAP };
initialize manually with packing = copy, complex ranges { rw };
initialize manually with packing = copy, complex ranges { section .data };
initialize manually with packing = copy, complex ranges { section .textrw };

  Section              Kind        Address    Size  Object
  -------              ----        -------    ----  ------
"A0":                                        0x410
  .intvec              const    0x00000000   0x410  vectors.o [1]
                              - 0x00000410   0x410

"A1":                                          0x8
  .noinit              ro code  0x00000410     0x8  startup_MK60DZ10.o [1]
                              - 0x00000418     0x8

"P1":                                       0x5b90
  .text                ro code  0x00000418  0x15e6  Handle.o [1]
  .text                ro code  0x00001a00    0x24  FltCmpGe.o [4]
  .text                ro code  0x00001a24    0x32  I32ToFlt.o [4]
  .text                ro code  0x00001a58    0xd8  FltMul.o [4]
  .text                ro code  0x00001b30    0x84  FltAdd.o [4]
  .text                ro code  0x00001bb4    0x44  FltToS32.o [4]
  .text                ro code  0x00001bf8    0x30  I32ToDbl.o [4]
  .text                ro code  0x00001c28   0x1a2  DblMul.o [4]
  .text                ro code  0x00001dcc   0x256  DblDiv.o [4]
  .text                ro code  0x00002024    0x90  DblToFlt.o [4]
  .text                ro code  0x000020b4   0x1f4  control.o [1]
  .text                ro code  0x000022a8    0x24  FltCmpLe.o [4]
  .text                ro code  0x000022cc    0xac  VCAN_LED.o [1]
  .text                ro code  0x00002378    0xe8  DblAdd.o [4]
  .text                ro code  0x00002460    0x58  DblToI32.o [4]
  .text                ro code  0x000024b8    0xe6  FltSub.o [4]
  .text                ro code  0x000025a0   0x1dc  PID.o [1]
  .text                ro code  0x0000277c   0x3d0  MK60_ftm.o [1]
  .text                ro code  0x00002b4c   0x17c  MK60_gpio.o [1]
  .text                ro code  0x00002cc8   0x180  DblSub.o [4]
  .text                ro code  0x00002e48    0x24  FltToU32.o [4]
  .text                ro code  0x00002e6c    0xb8  MK60_port.o [1]
  .text                ro code  0x00002f24    0x80  MK60_conf.o [1]
  .text                ro code  0x00002fa4    0x24  printf.o [3]
  .text                ro code  0x00002fc8    0x64  MK60_SysTick.o [1]
  .text                ro code  0x0000302c   0x248  MK60_uart.o [1]
  .text                ro code  0x00003274   0xc12  xprintflarge_nomb.o [3]
  .text                ro code  0x00003e88    0x16  strchr.o [5]
  .text                ro code  0x00003ea0    0x36  strlen.o [5]
  .text                ro code  0x00003ed8    0x58  memchr.o [5]
  .text                ro code  0x00003f30    0xee  I64DivMod.o [5]
  .text                ro code  0x00004020    0x76  ABImemcpy_unaligned.o [5]
  .text                ro code  0x00004096    0x44  xdnorm.o [4]
  .text                ro code  0x000040dc    0x2e  DblCmpLe.o [4]
  .text                ro code  0x0000410c    0x6c  localeconv.o [3]
  .text                ro code  0x00004178     0xe  div.o [3]
  .text                ro code  0x00004188     0x2  I64DivZer.o [5]
  .text                ro code  0x0000418a     0x2  xtls.o [3]
  .data_init                    0x0000418c   0x8b8  <Block>
    Initializer bytes  const    0x0000418c   0x8b8  <for .data-1>
  Veneer               ro code  0x00004a44     0x8  - Linker created -
  .text                ro code  0x00004a4c   0x3b4  MK60_mcg.o [1]
  .text                ro code  0x00004e00   0x362  VCAN_SCCB.o [1]
  .text                ro code  0x00005164   0x250  VCAN_OV7725_Eagle.o [1]
  .text                ro code  0x000053b4   0x244  MK60_dma.o [1]
  .text                ro code  0x000055f8   0x1d8  Systeminit.o [1]
  .text                ro code  0x000057d0    0x50  misc.o [1]
  .text                ro code  0x00005820   0x120  main.o [1]
  .text                ro code  0x00005940   0x120  system_MK60DZ10.o [1]
  .text                ro code  0x00005a60    0x40  MK60_wdog.o [1]
  .text                ro code  0x00005aa0    0xa0  MK60_it.o [1]
  CodeRelocate                  0x00005b40    0x50  <Block>
    Initializer bytes  const    0x00005b40    0x50  <for CodeRelocateRam-1>
  .rodata              const    0x00005b90    0x48  MK60_gpio.o [1]
  .rodata              const    0x00005bd8    0x48  MK60_SysTick.o [1]
  .rodata              const    0x00005c20    0x48  MK60_uart.o [1]
  .rodata              const    0x00005c68    0x44  MK60_dma.o [1]
  .rodata              const    0x00005cac    0x44  MK60_ftm.o [1]
  .rodata              const    0x00005cf0    0x40  misc.o [1]
  .text                ro code  0x00005d30    0x40  zero_init3.o [5]
  .rodata              const    0x00005d70    0x3c  MK60_conf.o [1]
  .text                ro code  0x00005dac    0x28  data_init.o [5]
  .rodata              const    0x00005dd4    0x24  MK60_conf.o [1]
  .rodata              const    0x00005df8    0x24  VCAN_OV7725_Eagle.o [1]
  .rodata              const    0x00005e1c    0x24  VCAN_OV7725_Eagle.o [1]
  .iar.init_table      const    0x00005e40    0x10  - Linker created -
  .rodata              const    0x00005e50    0x20  VCAN_OV7725_Eagle.o [1]
  .text                ro code  0x00005e70    0x1a  cmain.o [5]
  .text                ro code  0x00005e8a     0x4  low_level_init.o [3]
  .text                ro code  0x00005e8e     0x4  exit.o [3]
  .text                ro code  0x00005e94     0xa  cexit.o [5]
  .text                ro code  0x00005ea0     0xc  XXexit.o [5]
  .rodata              const    0x00005eac    0x18  VCAN_OV7725_Eagle.o [1]
  .rodata              const    0x00005ec4    0x18  VCAN_OV7725_Eagle.o [1]
  .text                ro code  0x00005edc    0x16  xprout.o [3]
  .text                ro code  0x00005ef4     0xc  putchar.o [3]
  .rodata              const    0x00005f00    0x14  VCAN_OV7725_Eagle.o [1]
  .text                ro code  0x00005f14     0xc  cstartup_M.o [5]
  .rodata              const    0x00005f20     0x0  zero_init3.o [5]
  Initializer bytes    const    0x00005f20    0x88  <for P2 s0>
                              - 0x00005fa8  0x5b90

"P2", part 1 of 3:                           0x908
  .data                         0x1fff0410   0x8b8  <Block>
    .data-1                     0x1fff0410   0x8b6  <Init block>
      .data            inited   0x1fff0410     0x4  control.o [1]
      .data            inited   0x1fff0414     0x4  control.o [1]
      .data            inited   0x1fff0418     0x4  control.o [1]
      .data            inited   0x1fff041c    0x3c  Handle.o [1]
      .data            inited   0x1fff0458   0x708  MK60_conf.o [1]
      .data            inited   0x1fff0b60    0x10  MK60_ftm.o [1]
      .data            inited   0x1fff0b70    0x14  MK60_gpio.o [1]
      .data            inited   0x1fff0b84    0x44  MK60_mcg.o [1]
      .data            inited   0x1fff0bc8     0x4  MK60_mcg.o [1]
      .data            inited   0x1fff0bcc    0x14  MK60_port.o [1]
      .data            inited   0x1fff0be0    0x18  MK60_uart.o [1]
      .data            inited   0x1fff0bf8    0x14  PID.o [1]
      .data            inited   0x1fff0c0c     0xc  PID.o [1]
      .data            inited   0x1fff0c18     0x4  VCAN_LED.o [1]
      .data            inited   0x1fff0c1c    0x64  VCAN_OV7725_Eagle.o [1]
      .data            inited   0x1fff0c80    0x40  xfiles.o [3]
      .data            inited   0x1fff0cc0     0x2  Handle.o [1]
      .data            inited   0x1fff0cc2     0x1  Handle.o [1]
      .data            inited   0x1fff0cc3     0x1  Handle.o [1]
      .data            inited   0x1fff0cc4     0x1  VCAN_OV7725_Eagle.o [1]
      .data            inited   0x1fff0cc5     0x1  VCAN_OV7725_Eagle.o [1]
  CodeRelocateRam               0x1fff0cc8    0x50  <Block>
    CodeRelocateRam-1           0x1fff0cc8    0x50  <Init block>
      .textrw          inited   0x1fff0cc8    0x50  MK60_mcg.o [1]
                              - 0x1fff0d18   0x908

"P2", part 2 of 3:                          0x17d8
  .bss                          0x1fff0d18  0x17d8  <Block>
    .bss               zero     0x1fff0d18     0x4  control.o [1]
    .bss               zero     0x1fff0d1c     0x4  control.o [1]
    .bss               zero     0x1fff0d20     0x4  Handle.o [1]
    .bss               zero     0x1fff0d24     0x4  Handle.o [1]
    .bss               zero     0x1fff0d28    0x40  Handle.o [1]
    .bss               zero     0x1fff0d68    0x40  Handle.o [1]
    .bss               zero     0x1fff0da8    0x40  Handle.o [1]
    .bss               zero     0x1fff0de8    0x40  Handle.o [1]
    .bss               zero     0x1fff0e28    0x40  Handle.o [1]
    .bss               zero     0x1fff0e68    0x40  Handle.o [1]
    .bss               zero     0x1fff0ea8    0x40  Handle.o [1]
    .bss               zero     0x1fff0ee8    0x40  Handle.o [1]
    .bss               zero     0x1fff0f28   0x258  Handle.o [1]
    .bss               zero     0x1fff1180  0x12c0  Handle.o [1]
    .bss               zero     0x1fff2440    0x10  MK60_ftm.o [1]
    .bss               zero     0x1fff2450    0x10  PID.o [1]
    .bss               zero     0x1fff2460    0x10  PID.o [1]
    .bss               zero     0x1fff2470     0x4  system_MK60DZ10.o [1]
    .bss               zero     0x1fff2474     0x4  system_MK60DZ10.o [1]
    .bss               zero     0x1fff2478     0x4  system_MK60DZ10.o [1]
    .bss               zero     0x1fff247c     0x4  VCAN_OV7725_Eagle.o [1]
    .bss               zero     0x1fff2480     0x4  VCAN_OV7725_Eagle.o [1]
    .bss               zero     0x1fff2484    0x50  xfiles.o [3]
    .bss               zero     0x1fff24d4     0x1  control.o [1]
    .bss               zero     0x1fff24d5     0x1  control.o [1]
    .bss               zero     0x1fff24d6     0x1  Handle.o [1]
    .bss               zero     0x1fff24d7     0x1  Handle.o [1]
    .bss               zero     0x1fff24d8     0x1  Handle.o [1]
    .bss               zero     0x1fff24d9     0x1  Handle.o [1]
    .bss               zero     0x1fff24da     0x1  Handle.o [1]
    .bss               zero     0x1fff24db     0x1  Handle.o [1]
    .bss               zero     0x1fff24dc     0x1  Handle.o [1]
    .bss               zero     0x1fff24dd     0x1  Handle.o [1]
    .bss               zero     0x1fff24de     0x1  Handle.o [1]
    .bss               zero     0x1fff24df     0x1  Handle.o [1]
    .bss               zero     0x1fff24e0     0x1  Handle.o [1]
    .bss               zero     0x1fff24e1     0x1  Handle.o [1]
    .bss               zero     0x1fff24e2     0x1  Handle.o [1]
    .bss               zero     0x1fff24e3     0x1  Handle.o [1]
    .bss               zero     0x1fff24e4     0x1  Handle.o [1]
    .bss               zero     0x1fff24e5     0x1  Handle.o [1]
    .bss               zero     0x1fff24e6     0x1  Handle.o [1]
    .bss               zero     0x1fff24e7     0x1  Handle.o [1]
    .bss               zero     0x1fff24e8     0x1  Handle.o [1]
    .bss               zero     0x1fff24e9     0x1  Handle.o [1]
    .bss               zero     0x1fff24ea     0x1  Handle.o [1]
    .bss               zero     0x1fff24eb     0x1  Handle.o [1]
    .bss               zero     0x1fff24ec     0x1  Handle.o [1]
    .bss               zero     0x1fff24ed     0x1  VCAN_OV7725_Eagle.o [1]
                              - 0x1fff24f0  0x17d8

"P2", part 3 of 3:                            0x88
  P2 s0                         0x1fff24f0    0x88  <Init block>
    __DLIB_PERTHREAD   inited   0x1fff24f0    0x88  localeconv.o [3]
                              - 0x1fff2578    0x88


*******************************************************************************
*** INIT TABLE
***

          Address     Size
          -------     ----
Zero (__iar_zero_init3)
    1 destination range, total size 0x17d6:
          0x1fff0d18  0x17d6



*******************************************************************************
*** MODULE SUMMARY
***

    Module                 ro code  rw code  ro data  rw data
    ------                 -------  -------  -------  -------
C:\Users\jiage\Desktop\智能车软件\k60最新\小车1\Prj\IAR\DZ10_Debug\Obj: [1]
    Handle.o                 5 606                64    6 007
    MK60_SysTick.o             100                72
    MK60_conf.o                128             1 896    1 800
    MK60_dma.o                 580                68
    MK60_ftm.o                 976                84       32
    MK60_gpio.o                380                92       20
    MK60_it.o                  160
    MK60_mcg.o                 948       80      152       72
    MK60_port.o                184                20       20
    MK60_uart.o                584                96       24
    MK60_wdog.o                 64
    PID.o                      476                32       64
    Systeminit.o               472
    VCAN_LED.o                 172                 4        4
    VCAN_OV7725_Eagle.o        592               274      111
    VCAN_SCCB.o                866
    control.o                  500                12       22
    main.o                     288
    misc.o                      80                64
    startup_MK60DZ10.o           8
    system_MK60DZ10.o          288                         12
    vectors.o                                  1 040
    ---------------------------------------------------------
    Total:                  13 452       80    3 970    8 188

command line: [2]
    ---------------------------------------------------------
    Total:

dl7M_tlf.a: [3]
    div.o                       14
    exit.o                       4
    localeconv.o               108               136      136
    low_level_init.o             4
    printf.o                    36
    putchar.o                   12
    xfiles.o                                      64      144
    xprintflarge_nomb.o      3 090
    xprout.o                    22
    xtls.o                       2
    ---------------------------------------------------------
    Total:                   3 292               200      280

m7M_tl.a: [4]
    DblAdd.o                   232
    DblCmpLe.o                  46
    DblDiv.o                   598
    DblMul.o                   418
    DblSub.o                   384
    DblToFlt.o                 144
    DblToI32.o                  88
    FltAdd.o                   132
    FltCmpGe.o                  36
    FltCmpLe.o                  36
    FltMul.o                   216
    FltSub.o                   230
    FltToS32.o                  68
    FltToU32.o                  36
    I32ToDbl.o                  48
    I32ToFlt.o                  50
    xdnorm.o                    68
    ---------------------------------------------------------
    Total:                   2 830

rt7M_tl.a: [5]
    ABImemcpy_unaligned.o      118
    I64DivMod.o                238
    I64DivZer.o                  2
    XXexit.o                    12
    cexit.o                     10
    cmain.o                     26
    cstartup_M.o                12
    data_init.o                 40
    memchr.o                    88
    strchr.o                    22
    strlen.o                    54
    zero_init3.o                64
    ---------------------------------------------------------
    Total:                     686

    Gaps                        32
    Linker created               8                18
-------------------------------------------------------------
    Grand Total:            20 300       80    4 188    8 468


*******************************************************************************
*** ENTRY LIST
***

Entry                      Address    Size  Type      Object
-----                      -------    ----  ----      ------
.bss$$Base              0x1fff0d18           --   Gb  - Linker created -
.bss$$Limit             0x1fff24f0           --   Gb  - Linker created -
.data$$Base             0x1fff0410           --   Gb  - Linker created -
.data$$Limit            0x1fff0cc8           --   Gb  - Linker created -
.data_init$$Base        0x0000418c           --   Gb  - Linker created -
.data_init$$Limit       0x00004a44           --   Gb  - Linker created -
.iar.init_table$$Base   0x00005e40           --   Gb  - Linker created -
.iar.init_table$$Limit  0x00005e50           --   Gb  - Linker created -
?main                   0x00005e71          Code  Gb  cmain.o [5]
ASSERT_FAILED_STR       0x00005dd4    0x24  Data  Gb  MK60_conf.o [1]
CodeRelocate$$Base      0x00005b40           --   Gb  - Linker created -
CodeRelocate$$Limit     0x00005b90           --   Gb  - Linker created -
CodeRelocateRam$$Base   0x1fff0cc8           --   Gb  - Linker created -
CodeRelocateRam$$Limit  0x1fff0d18           --   Gb  - Linker created -
DMA0_IRQHandler         0x00005ac3     0x8  Code  Gb  MK60_it.o [1]
Error_Transform         0x00001081    0x14  Code  Gb  Handle.o [1]
EverythingInit          0x00005651   0x14a  Code  Gb  Systeminit.o [1]
FTMN                    0x1fff0b60    0x10  Data  Gb  MK60_ftm.o [1]
FTM_port_mux            0x0000277d   0x118  Code  Lc  MK60_ftm.o [1]
FieldOver_Flag          0x1fff24ed     0x1  Data  Gb  VCAN_OV7725_Eagle.o [1]
First_Line_Add          0x00000d37   0x10c  Code  Gb  Handle.o [1]
Foresight               0x1fff24eb     0x1  Data  Gb  Handle.o [1]
Foresight_Left          0x1fff24e0     0x1  Data  Gb  Handle.o [1]
Foresight_Right         0x1fff24e1     0x1  Data  Gb  Handle.o [1]
GPIOX                   0x1fff0b70    0x14  Data  Gb  MK60_gpio.o [1]
Hazard_Left_Flag        0x1fff24e5     0x1  Data  Gb  Handle.o [1]
Hazard_Right_Flag       0x1fff24e6     0x1  Data  Gb  Handle.o [1]
Image_GetLine           0x00000419   0x91e  Code  Gb  Handle.o [1]
LED_PTxn                0x1fff0c18     0x4  Data  Gb  VCAN_LED.o [1]
Left_Add                0x1fff0ea8    0x40  Data  Gb  Handle.o [1]
Left_Add_End            0x1fff24d9     0x1  Data  Gb  Handle.o [1]
Left_Add_Start          0x1fff24d7     0x1  Data  Gb  Handle.o [1]
Left_Jam                0x1fff24e7     0x1  Data  Gb  Handle.o [1]
Left_Last_Slope         0x1fff0d20     0x4  Data  Gb  Handle.o [1]
Left_Line               0x1fff0d28    0x40  Data  Gb  Handle.o [1]
Left_Line_New           0x1fff0de8    0x40  Data  Gb  Handle.o [1]
Left_Line_Repair        0x000011f5   0x196  Code  Gb  Handle.o [1]
Left_Max                0x1fff24db     0x1  Data  Gb  Handle.o [1]
Left_y                  0x1fff24dd     0x1  Data  Gb  Handle.o [1]
LoadInt                 0x00003809    0x6e  Code  Lc  xprintflarge_nomb.o [3]
MOTOR                   0x1fff0c0c     0xc  Data  Gb  PID.o [1]
MOTOR_Control           0x000020b5   0x1be  Code  Gb  control.o [1]
MOTOR_Duty              0x1fff0d18     0x4  Data  Gb  control.o [1]
MOTOR_Duty1             0x1fff0410     0x4  Data  Gb  control.o [1]
MOTOR_Duty2             0x1fff0414     0x4  Data  Gb  control.o [1]
MOTOR_PID               0x1fff2460    0x10  Data  Gb  PID.o [1]
MOTOR_Speed             0x1fff0d1c     0x4  Data  Gb  control.o [1]
Mid_Count               0x1fff24df     0x1  Data  Gb  Handle.o [1]
Mid_Line                0x1fff0d68    0x40  Data  Gb  Handle.o [1]
Mid_Line_Repair         0x000010b1   0x144  Code  Gb  Handle.o [1]
NVIC_DisableIRQ         0x00005821    0x14  Code  Lc  main.o [1]
NVIC_DisableIRQ         0x00005179    0x14  Code  Lc  VCAN_OV7725_Eagle.o [1]
NVIC_EnableIRQ          0x00005617    0x14  Code  Lc  Systeminit.o [1]
NVIC_EnableIRQ          0x00005165    0x14  Code  Lc  VCAN_OV7725_Eagle.o [1]
NVIC_SetPriority        0x0000562b    0x26  Code  Lc  Systeminit.o [1]
NVIC_SetPriorityGrouping
                        0x000055f9    0x1e  Code  Lc  Systeminit.o [1]
Out_Side                0x1fff24ec     0x1  Data  Gb  Handle.o [1]
PID_Realize             0x000026e7    0x80  Code  Gb  PID.o [1]
PIT0_IRQHandler         0x00005af1    0x38  Code  Gb  MK60_it.o [1]
PORTA_IRQHandler        0x00005aa1    0x22  Code  Gb  MK60_it.o [1]
PORTE_IRQHandler        0x00005acb    0x26  Code  Gb  MK60_it.o [1]
PORTX                   0x1fff0bcc    0x14  Data  Gb  MK60_port.o [1]
PlacePID_Control        0x000025a1   0x146  Code  Gb  PID.o [1]
Point                   0x1fff0cc2     0x1  Data  Gb  Handle.o [1]
PointWeightAdjust       0x0000197d    0x82  Code  Gb  Handle.o [1]
Point_Mid               0x1fff24ea     0x1  Data  Gb  Handle.o [1]
Point_Weight            0x00000e9d   0x1da  Code  Gb  Handle.o [1]
Point_Weight::Last_Point
                        0x1fff0cc3     0x1  Data  Lc  Handle.o [1]
Region$$Table$$Base     0x00005e40           --   Gb  - Linker created -
Region$$Table$$Limit    0x00005e50           --   Gb  - Linker created -
Repair_Flag             0x1fff24e4     0x1  Data  Gb  Handle.o [1]
Reset_Handler           0x00000411          Code  Gb  startup_MK60DZ10.o [1]
Right_Add               0x1fff0ee8    0x40  Data  Gb  Handle.o [1]
Right_Add_End           0x1fff24da     0x1  Data  Gb  Handle.o [1]
Right_Add_Start         0x1fff24d8     0x1  Data  Gb  Handle.o [1]
Right_Jam               0x1fff24e8     0x1  Data  Gb  Handle.o [1]
Right_Last_Slope        0x1fff0d24     0x4  Data  Gb  Handle.o [1]
Right_Line              0x1fff0da8    0x40  Data  Gb  Handle.o [1]
Right_Line_New          0x1fff0e28    0x40  Data  Gb  Handle.o [1]
Right_Line_Repair       0x0000139d   0x19a  Code  Gb  Handle.o [1]
Right_Min               0x1fff24dc     0x1  Data  Gb  Handle.o [1]
Right_y                 0x1fff24de     0x1  Data  Gb  Handle.o [1]
Run_Flag                0x1fff24d4     0x1  Data  Gb  control.o [1]
Runtime_cnt             0x1fff2480     0x4  Data  Gb  VCAN_OV7725_Eagle.o [1]
SCCB_Ack                0x00004ed5    0x3c  Code  Lc  VCAN_SCCB.o [1]
SCCB_GPIO_init          0x00004e1b    0x28  Code  Gb  VCAN_SCCB.o [1]
SCCB_NoAck              0x00004f11    0x3c  Code  Lc  VCAN_SCCB.o [1]
SCCB_ReadByte           0x000050b1    0x2c  Code  Gb  VCAN_SCCB.o [1]
SCCB_ReadByte_one       0x000050dd    0x86  Code  Lc  VCAN_SCCB.o [1]
SCCB_ReceiveByte        0x00004fdd    0x54  Code  Lc  VCAN_SCCB.o [1]
SCCB_SendByte           0x00004f99    0x44  Code  Lc  VCAN_SCCB.o [1]
SCCB_Start              0x00004e43    0x5e  Code  Lc  VCAN_SCCB.o [1]
SCCB_Stop               0x00004ea1    0x34  Code  Lc  VCAN_SCCB.o [1]
SCCB_WaitAck            0x00004f4d    0x4c  Code  Lc  VCAN_SCCB.o [1]
SCCB_WriteByte          0x00005041    0x28  Code  Gb  VCAN_SCCB.o [1]
SCCB_WriteByte_one      0x00005069    0x48  Code  Lc  VCAN_SCCB.o [1]
SCCB_delay              0x00004e01    0x1a  Code  Lc  VCAN_SCCB.o [1]
ST_MOTOR                0x1fff0bf8    0x14  Data  Gb  PID.o [1]
S_D5_Duty               0x1fff0418     0x4  Data  Gb  control.o [1]
S_D5_PID                0x1fff2450    0x10  Data  Gb  PID.o [1]
Starting_Line_Flag      0x1fff24e9     0x1  Data  Gb  Handle.o [1]
Stop_Flag               0x1fff24d5     0x1  Data  Gb  control.o [1]
Traversal_Left          0x000016c5    0x76  Code  Gb  Handle.o [1]
Traversal_Left_Line     0x000017b9    0x7c  Code  Gb  Handle.o [1]
Traversal_Left_Side     0x00001619    0x40  Code  Gb  Handle.o [1]
Traversal_Mid_Line      0x00001537    0xdc  Code  Gb  Handle.o [1]
Traversal_Right         0x0000173b    0x7e  Code  Gb  Handle.o [1]
Traversal_Right_Line    0x00001839    0x84  Code  Gb  Handle.o [1]
Traversal_Right_Side    0x0000165d    0x40  Code  Gb  Handle.o [1]
Turn_Left               0x1fff24e2     0x1  Data  Gb  Handle.o [1]
Turn_Right              0x1fff24e3     0x1  Data  Gb  Handle.o [1]
UARTN                   0x1fff0be0    0x18  Data  Gb  MK60_uart.o [1]
Weight                  0x1fff041c    0x3c  Data  Gb  Handle.o [1]
Width                   0x1fff0e68    0x40  Data  Gb  Handle.o [1]
Width_Min               0x1fff24d6     0x1  Data  Gb  Handle.o [1]
_GenldLargeNoMb         0x00003bff   0x23e  Code  Lc  xprintflarge_nomb.o [3]
_LdtobLargeNoMb         0x00003981   0x278  Code  Lc  xprintflarge_nomb.o [3]
_LitobLargeNoMb         0x00003877   0x10a  Code  Lc  xprintflarge_nomb.o [3]
_Locale_aeabi_lconv     0x1fff2540    0x38  Data  Gb  localeconv.o [3]
_Locale_lconv           0x1fff24f0    0x50  Data  Gb  localeconv.o [3]
_PrintfLargeNoMb        0x00003275   0x58e  Code  Gb  xprintflarge_nomb.o [3]
_Prout                  0x00005edd    0x16  Code  Gb  xprout.o [3]
_PutcharsLargeNoMb      0x00003e3d    0x2e  Code  Lc  xprintflarge_nomb.o [3]
__BOOT_STACK_ADDRESS {Abs}
                        0x2000fff8          Data  Gb  command line/config [2]
__VECTOR_RAM {Abs}      0x1fff0000          Data  Gb  command line/config [2]
__VECTOR_TABLE {Abs}    0x00000000          Data  Gb  command line/config [2]
__aeabi_cdcmple         0x000040dd          Code  Gb  DblCmpLe.o [4]
__aeabi_cfcmple         0x000022a9          Code  Gb  FltCmpLe.o [4]
__aeabi_cfrcmple        0x00001a01          Code  Gb  FltCmpGe.o [4]
__aeabi_d2f             0x00002025          Code  Gb  DblToFlt.o [4]
__aeabi_d2iz            0x00002461          Code  Gb  DblToI32.o [4]
__aeabi_d2uiz           0x0000248d          Code  Gb  DblToI32.o [4]
__aeabi_dadd            0x00002379          Code  Gb  DblAdd.o [4]
__aeabi_ddiv            0x00001dcd          Code  Gb  DblDiv.o [4]
__aeabi_dmul            0x00001c29          Code  Gb  DblMul.o [4]
__aeabi_dsub            0x00002cc9          Code  Gb  DblSub.o [4]
__aeabi_f2iz            0x00001bb5          Code  Gb  FltToS32.o [4]
__aeabi_f2uiz           0x00002e49          Code  Gb  FltToU32.o [4]
__aeabi_fadd            0x00001b31          Code  Gb  FltAdd.o [4]
__aeabi_fmul            0x00001a59          Code  Gb  FltMul.o [4]
__aeabi_fsub            0x000024b9          Code  Gb  FltSub.o [4]
__aeabi_i2d             0x00001bf9          Code  Gb  I32ToDbl.o [4]
__aeabi_i2f             0x00001a25          Code  Gb  I32ToFlt.o [4]
__aeabi_ldiv0           0x00004189          Code  Gb  I64DivZer.o [5]
__aeabi_ui2d            0x00001c0d          Code  Gb  I32ToDbl.o [4]
__aeabi_ui2f            0x00001a39          Code  Gb  I32ToFlt.o [4]
__aeabi_uldivmod        0x00003f31          Code  Gb  I64DivMod.o [5]
__cmain                 0x00005e71          Code  Gb  cmain.o [5]
__code_start__ {Abs}    0x00000410          Data  Gb  command line/config [2]
__exit                  0x00005ea1          Code  Gb  XXexit.o [5]
__iar_Dnorm             0x00004097    0x44  Code  Gb  xdnorm.o [4]
__iar_Locale_lconv_init
                        0x0000410d    0x3a  Code  Gb  localeconv.o [3]
__iar_Memchr            0x00003ed9          Code  Gb  memchr.o [5]
__iar_Stdout            0x1fff0c80    0x40  Data  Gb  xfiles.o [3]
__iar_Strchr            0x00003e89          Code  Gb  strchr.o [5]
__iar_d2uiz             0x00002499          Code  Gb  DblToI32.o [4]
__iar_dadd              0x0000238d          Code  Gb  DblAdd.o [4]
__iar_data_init3        0x00005dad    0x28  Code  Gb  data_init.o [5]
__iar_dlib_perthread_access
                        0x0000418b     0x2  Code  Gb  xtls.o [3]
__iar_dsub              0x00002cdd          Code  Gb  DblSub.o [4]
__iar_dsubStart         0x00002cef          Code  Gb  DblSub.o [4]
__iar_fadd              0x00001b41          Code  Gb  FltAdd.o [4]
__iar_fsub              0x000024c9          Code  Gb  FltSub.o [4]
__iar_fsubStart         0x000024d9          Code  Gb  FltSub.o [4]
__iar_program_start     0x00005f15          Code  Gb  cstartup_M.o [5]
__iar_ui2d              0x00001c11          Code  Gb  I32ToDbl.o [4]
__iar_ui2f              0x00001a3d          Code  Gb  I32ToFlt.o [4]
__iar_unaligned___aeabi_memcpy
                        0x00004021          Code  Gb  ABImemcpy_unaligned.o [5]
__iar_unaligned___aeabi_memcpy4
                        0x00004041          Code  Gb  ABImemcpy_unaligned.o [5]
__iar_unaligned___aeabi_memcpy8
                        0x00004041          Code  Gb  ABImemcpy_unaligned.o [5]
__iar_zero_init3        0x00005d31    0x40  Code  Gb  zero_init3.o [5]
__low_level_init        0x00005e8b     0x4  Code  Gb  low_level_init.o [3]
__vector_table          0x00000000   0x410  Data  Gb  vectors.o [1]
_call_main              0x00005e7d          Code  Gb  cmain.o [5]
_exit                   0x00005e95          Code  Gb  cexit.o [5]
_main                   0x00005e87          Code  Gb  cmain.o [5]
assert_failed           0x00002f25    0x26  Code  Gb  MK60_conf.o [1]
bus_clk_khz             0x1fff2478     0x4  Data  Gb  system_MK60DZ10.o [1]
colour                  0x1fff0cc0     0x2  Data  Gb  Handle.o [1]
common_startup          0x00005991    0x98  Code  Gb  system_MK60DZ10.o [1]
core_clk_khz            0x1fff2470     0x4  Data  Gb  system_MK60DZ10.o [1]
core_clk_mhz            0x1fff2474     0x4  Data  Gb  system_MK60DZ10.o [1]
default_isr             0x00002f5f    0x34  Code  Gb  MK60_conf.o [1]
div                     0x00004179     0xe  Code  Gb  div.o [3]
dma_gpio_input_init     0x000053b5    0x60  Code  Lc  MK60_dma.o [1]
dma_portx2buff_init     0x00005415   0x1b0  Code  Gb  MK60_dma.o [1]
exit                    0x00005e8f     0x4  Code  Gb  exit.o [3]
fputc                   0x00002f4b    0x14  Code  Gb  MK60_conf.o [1]
ftm_mod                 0x1fff2440    0x10  Data  Lc  MK60_ftm.o [1]
ftm_pwm_duty            0x00002a21    0xbe  Code  Gb  MK60_ftm.o [1]
ftm_pwm_init            0x00002895   0x18c  Code  Gb  MK60_ftm.o [1]
ftm_quad_clean          0x00002b0b    0x28  Code  Gb  MK60_ftm.o [1]
ftm_quad_get            0x00002adf    0x2c  Code  Gb  MK60_ftm.o [1]
gpio_get                0x00002c85    0x3a  Code  Gb  MK60_gpio.o [1]
gpio_init               0x00002b4d    0xae  Code  Gb  MK60_gpio.o [1]
gpio_set                0x00002bfb    0x52  Code  Gb  MK60_gpio.o [1]
gpio_turn               0x00002c4d    0x38  Code  Gb  MK60_gpio.o [1]
img                     0x1fff1180  0x12c0  Data  Gb  Handle.o [1]
img_extract             0x000018c9    0x90  Code  Gb  Handle.o [1]
imgbuff                 0x1fff0f28   0x258  Data  Gb  Handle.o [1]
led                     0x00002307    0x3c  Code  Gb  VCAN_LED.o [1]
led_init                0x000022cd    0x3a  Code  Gb  VCAN_LED.o [1]
led_turn                0x00002343    0x32  Code  Gb  VCAN_LED.o [1]
localeconv              0x00004147    0x16  Code  Gb  localeconv.o [3]
main                    0x00005835    0xe2  Code  Gb  main.o [1]
mcg_cfg                 0x1fff0b84    0x44  Data  Gb  MK60_mcg.o [1]
mcg_div                 0x1fff0bc8     0x4  Data  Gb  MK60_mcg.o [1]
mcg_div_count           0x00004a4d   0x2e6  Code  Gb  MK60_mcg.o [1]
memchr                  0x00003ed9          Code  Gb  memchr.o [5]
obuf                    0x1fff2484    0x50  Data  Lc  xfiles.o [3]
ov7725_eagle_cfgnum     0x1fff0cc5     0x1  Data  Gb  VCAN_OV7725_Eagle.o [1]
ov7725_eagle_dma        0x0000524b    0x20  Code  Gb  VCAN_OV7725_Eagle.o [1]
ov7725_eagle_get_img    0x0000526b    0x42  Code  Gb  VCAN_OV7725_Eagle.o [1]
ov7725_eagle_img_buff   0x1fff247c     0x4  Data  Gb  VCAN_OV7725_Eagle.o [1]
ov7725_eagle_img_flag   0x1fff0cc4     0x1  Data  Gb  VCAN_OV7725_Eagle.o [1]
ov7725_eagle_init       0x0000518d    0x18  Code  Gb  VCAN_OV7725_Eagle.o [1]
ov7725_eagle_port_init  0x000051a5    0x54  Code  Lc  VCAN_OV7725_Eagle.o [1]
ov7725_eagle_reg        0x1fff0c1c    0x64  Data  Gb  VCAN_OV7725_Eagle.o [1]
ov7725_eagle_reg_init   0x000052ad    0xb2  Code  Lc  VCAN_OV7725_Eagle.o [1]
ov7725_eagle_vsync      0x000051f9    0x52  Code  Gb  VCAN_OV7725_Eagle.o [1]
pll_init                0x00004d33    0xb2  Code  Gb  MK60_mcg.o [1]
port_init               0x00002e6d    0x48  Code  Gb  MK60_port.o [1]
port_init_NoALT         0x00002eb5    0x66  Code  Gb  MK60_port.o [1]
printf                  0x00002fa5    0x24  Code  Gb  printf.o [3]
putchar                 0x00005ef5     0xc  Code  Gb  putchar.o [3]
range_protect           0x00002273    0x16  Code  Gb  control.o [1]
set_sys_dividers        0x1fff0cc9    0x50  Code  Gb  MK60_mcg.o [1]
set_vector_handler      0x000057f3    0x22  Code  Gb  misc.o [1]
start                   0x00005941    0x14  Code  Gb  system_MK60DZ10.o [1]
strchr                  0x00003e89          Code  Gb  strchr.o [5]
strlen                  0x00003ea1          Code  Gb  strlen.o [5]
sysinit                 0x00005955    0x3c  Code  Gb  system_MK60DZ10.o [1]
systick_delay           0x00002fc9    0x36  Code  Gb  MK60_SysTick.o [1]
systick_delay_ms        0x00002fff    0x18  Code  Gb  MK60_SysTick.o [1]
uart_init               0x0000302d   0x216  Code  Gb  MK60_uart.o [1]
uart_putchar            0x00003243    0x1a  Code  Gb  MK60_uart.o [1]
vector_str              0x1fff0458   0x708  Data  Gb  MK60_conf.o [1]
wdog_disable            0x00005a61    0x16  Code  Gb  MK60_wdog.o [1]
wdog_unlock             0x00005a77    0x20  Code  Lc  MK60_wdog.o [1]
write_vtor              0x000057d1    0x22  Code  Gb  misc.o [1]


[1] = C:\Users\jiage\Desktop\智能车软件\k60最新\小车1\Prj\IAR\DZ10_Debug\Obj
[2] = command line
[3] = dl7M_tlf.a
[4] = m7M_tl.a
[5] = rt7M_tl.a

  20 300 bytes of readonly  code memory
      80 bytes of readwrite code memory
   4 188 bytes of readonly  data memory
   8 468 bytes of readwrite data memory

Errors: none
Warnings: none
